samaa@myOwn MINGW64 ~/Desktop/txtfiles
$ git init
Initialized empty Git repository in C:/Users/samaa/Desktop/txtfiles/.git/

samaa@myOwn MINGW64 ~/Desktop/txtfiles (master)
$ git status
On branch master

No commits yet

Untracked files:
  (use "git add <file>..." to include in what will be committed)

        first.txt
        second.txt
        third.txt

nothing added to commit but untracked files present (use "git add" to track)

samaa@myOwn MINGW64 ~/Desktop/txtfiles (master)
$ git add first.txt

samaa@myOwn MINGW64 ~/Desktop/txtfiles (master)
$ git status
On branch master

No commits yet

Changes to be committed:
  (use "git rm --cached <file>..." to unstage)

        new file:   first.txt

Untracked files:
  (use "git add <file>..." to include in what will be committed)

        second.txt
        third.txt


samaa@myOwn MINGW64 ~/Desktop/txtfiles (master)
$ git add second.txt

samaa@myOwn MINGW64 ~/Desktop/txtfiles (master)
$ git add third.txt

samaa@myOwn MINGW64 ~/Desktop/txtfiles (master)
$ git status
On branch master

No commits yet

Changes to be committed:
  (use "git rm --cached <file>..." to unstage)

        new file:   first.txt
        new file:   second.txt
        new file:   third.txt

samaa@myOwn MINGW64 ~/Desktop/txtfiles (master)
$ git rm --cached second.txt
rm 'second.txt'

samaa@myOwn MINGW64 ~/Desktop/txtfiles (master)
$ git add second.txt

samaa@myOwn MINGW64 ~/Desktop/txtfiles (master)
$ git config --global user.name "sama walid"

samaa@myOwn MINGW64 ~/Desktop/txtfiles (master)
$ git config --global user.email samaawaliid@gmail.com

samaa@myOwn MINGW64 ~/Desktop/txtfiles (master)
$ git commit -m'adding files to my local repo'

